// Jest Snapshot v1, https://goo.gl/fbAQLP

exports[`Team Score renders correctly 1`] = `
Object {
  "asFragment": [Function],
  "baseElement": .c2 {
  height: 60px;
  width: 60px;
}

.c0 {
  display: -webkit-box;
  display: -webkit-flex;
  display: -ms-flexbox;
  display: flex;
  -webkit-flex-direction: row;
  -ms-flex-direction: row;
  flex-direction: row;
  -webkit-align-items: center;
  -webkit-box-align: center;
  -ms-flex-align: center;
  align-items: center;
}

.c1 {
  font-size: 20px;
  margin: 0 20px 0 0;
}

.c3 {
  font-size: 38px;
  margin: 0 10px 0 40px;
}

<body>
    <div>
      <article
        class="c0"
        data-side="HOME"
      >
        <header
          class="c1"
        >
          <h1
            data-testid="team-name-header"
          >
            São Paulo
          </h1>
        </header>
        <aside>
          <img
            class="c2 team-logo"
            src="src/assets/images/logo-sao-paulo-256.png"
          />
        </aside>
        <div
          class="c3"
        >
          <strong
            data-testid="score-label"
          >
            0
          </strong>
        </div>
      </article>
    </div>
  </body>,
  "container": <div>
    <article
      class="TeamScore__TeamContainer-sc-1h0nwh1-1 dTLVJC"
      data-side="HOME"
    >
      <header
        class="TeamScore__TeamName-sc-1h0nwh1-2 HdRNo"
      >
        <h1
          data-testid="team-name-header"
        >
          São Paulo
        </h1>
      </header>
      <aside>
        <img
          class="TeamScore__TeamLogo-sc-1h0nwh1-0 hrrmtp team-logo"
          src="src/assets/images/logo-sao-paulo-256.png"
        />
      </aside>
      <div
        class="TeamScore__Score-sc-1h0nwh1-3 jVzBBJ"
      >
        <strong
          data-testid="score-label"
        >
          0
        </strong>
      </div>
    </article>
  </div>,
  "debug": [Function],
  "findAllByAltText": [Function],
  "findAllByDisplayValue": [Function],
  "findAllByLabelText": [Function],
  "findAllByPlaceholderText": [Function],
  "findAllByRole": [Function],
  "findAllByTestId": [Function],
  "findAllByText": [Function],
  "findAllByTitle": [Function],
  "findByAltText": [Function],
  "findByDisplayValue": [Function],
  "findByLabelText": [Function],
  "findByPlaceholderText": [Function],
  "findByRole": [Function],
  "findByTestId": [Function],
  "findByText": [Function],
  "findByTitle": [Function],
  "getAllByAltText": [Function],
  "getAllByDisplayValue": [Function],
  "getAllByLabelText": [Function],
  "getAllByPlaceholderText": [Function],
  "getAllByRole": [Function],
  "getAllByTestId": [Function],
  "getAllByText": [Function],
  "getAllByTitle": [Function],
  "getByAltText": [Function],
  "getByDisplayValue": [Function],
  "getByLabelText": [Function],
  "getByPlaceholderText": [Function],
  "getByRole": [Function],
  "getByTestId": [Function],
  "getByText": [Function],
  "getByTitle": [Function],
  "queryAllByAltText": [Function],
  "queryAllByDisplayValue": [Function],
  "queryAllByLabelText": [Function],
  "queryAllByPlaceholderText": [Function],
  "queryAllByRole": [Function],
  "queryAllByTestId": [Function],
  "queryAllByText": [Function],
  "queryAllByTitle": [Function],
  "queryByAltText": [Function],
  "queryByDisplayValue": [Function],
  "queryByLabelText": [Function],
  "queryByPlaceholderText": [Function],
  "queryByRole": [Function],
  "queryByTestId": [Function],
  "queryByText": [Function],
  "queryByTitle": [Function],
  "rerender": [Function],
  "unmount": [Function],
}
`;
